2026-05-13T10:11:46.147Z [INFO]: Request: GET /
2026-05-13T10:11:46.190Z [INFO]: Request: GET /login
2026-05-13T10:11:59.227Z [INFO]: Request: POST /login
2026-05-13T10:11:59.412Z [INFO]: Request: GET /dashboard
2026-05-13T19:03:55.799Z [INFO]: Request: GET /
2026-05-13T19:03:55.849Z [INFO]: Request: GET /login
2026-05-13T19:08:48.539Z [INFO]: Request: GET /signup
2026-05-13T19:09:44.848Z [INFO]: Request: POST /signup
2026-05-13T19:12:00.808Z [INFO]: Request: POST /signup
2026-05-13T19:14:22.028Z [INFO]: Request: GET /logout
2026-05-13T19:14:22.072Z [INFO]: Request: GET /
2026-05-13T19:14:22.102Z [INFO]: Request: GET /login
2026-05-13T19:14:33.629Z [INFO]: Request: POST /login
2026-05-13T19:14:45.505Z [INFO]: Request: POST /login
2026-05-13T19:14:45.683Z [INFO]: Request: GET /dashboard
2026-05-13T19:16:24.318Z [INFO]: Request: GET /.well-known/appspecific/com.chrome.devtools.json
2026-05-13T19:18:27.857Z [INFO]: Request: GET /dashboard
2026-05-13T19:18:27.986Z [INFO]: Request: GET /.well-known/appspecific/com.chrome.devtools.json
2026-05-13T19:18:37.150Z [INFO]: Request: GET /dashboard
2026-05-13T19:18:37.346Z [INFO]: Request: GET /.well-known/appspecific/com.chrome.devtools.json
2026-05-13T19:18:59.268Z [INFO]: Request: GET /.well-known/appspecific/com.chrome.devtools.json
2026-05-13T19:19:03.441Z [INFO]: Request: GET /dashboard
2026-05-13T19:19:03.690Z [INFO]: Request: GET /.well-known/appspecific/com.chrome.devtools.json
2026-05-14T18:53:23.306Z [INFO]: Request: GET /
2026-05-14T18:53:23.362Z [INFO]: Request: GET /login
2026-05-14T18:54:22.980Z [INFO]: Request: GET /
2026-05-14T18:54:28.150Z [INFO]: Request: OPTIONS /
2026-05-14T18:54:28.212Z [INFO]: Request: OPTIONS /
2026-05-14T18:54:28.393Z [INFO]: Request: GET /nice%20ports%2C/Tri%6Eity.txt%2ebak
2026-05-14T18:57:52.595Z [INFO]: Request: GET /
2026-05-14T18:57:57.739Z [INFO]: Request: OPTIONS /
2026-05-14T18:57:57.786Z [INFO]: Request: OPTIONS /
2026-05-14T18:57:57.991Z [INFO]: Request: GET /nice%20ports%2C/Tri%6Eity.txt%2ebak
2026-05-15T02:35:38.301Z [INFO]: Request: GET /
2026-05-15T02:35:38.337Z [INFO]: Request: GET /login
2026-05-15T02:36:20.607Z [INFO]: Request: POST /login
2026-05-15T02:36:20.828Z [INFO]: Request: GET /dashboard
2026-05-15T02:36:30.774Z [INFO]: Request: GET /profile
2026-05-15T02:36:39.375Z [INFO]: Request: GET /allocations/4
2026-05-15T02:36:41.695Z [INFO]: Request: GET /memos
2026-05-15T02:36:43.608Z [INFO]: Request: GET /logout
2026-05-15T02:36:43.654Z [INFO]: Request: GET /
2026-05-15T02:36:43.684Z [INFO]: Request: GET /login
2026-05-15T02:47:43.445Z [INFO]: Request: POST /login
2026-05-15T02:47:43.611Z [INFO]: Request: GET /dashboard
2026-05-15T02:47:56.687Z [INFO]: Request: GET /.well-known/appspecific/com.chrome.devtools.json
2026-05-15T03:16:37.383Z [INFO]: Request: GET /logout
2026-05-15T03:16:37.425Z [INFO]: Request: GET /
2026-05-15T03:16:37.450Z [INFO]: Request: GET /login
2026-06-04T19:24:17.724Z [INFO]: Request: GET /
2026-06-04T19:24:17.751Z [INFO]: Request: GET /login
2026-06-04T19:24:42.117Z [INFO]: Request: POST /login
2026-06-04T19:24:50.363Z [INFO]: Request: POST /login
2026-06-04T19:25:37.216Z [INFO]: Request: POST /login
2026-06-04T19:26:04.425Z [INFO]: Request: POST /login
2026-06-04T19:26:28.357Z [INFO]: Request: POST /login
2026-06-04T19:26:45.838Z [INFO]: Request: POST /login
2026-06-04T19:27:53.150Z [INFO]: Request: GET /signup
2026-06-04T19:28:44.603Z [INFO]: Request: POST /signup
2026-06-04T20:20:48.715Z [INFO]: Request: POST /signup
2026-06-04T20:20:52.654Z [INFO]: Request: GET /login
2026-06-04T20:21:01.697Z [INFO]: Request: POST /login
2026-06-04T20:21:01.779Z [WARN]: Failed login attempt - Invalid password for user: testuser - IP: ::1
2026-06-04T20:21:04.781Z [INFO]: Request: POST /login
2026-06-04T20:21:04.870Z [WARN]: Failed login attempt - Invalid password for user: testuser - IP: ::1
2026-06-04T20:21:07.713Z [INFO]: Request: POST /login
2026-06-04T20:21:07.796Z [WARN]: Failed login attempt - Invalid password for user: testuser - IP: ::1
2026-06-04T20:21:11.655Z [INFO]: Request: POST /login
2026-06-04T20:21:11.740Z [WARN]: Failed login attempt - Invalid password for user: testuser - IP: ::1
2026-06-04T20:21:17.891Z [INFO]: Request: POST /login
2026-06-06T10:36:32.489Z [INFO]: Request: GET /
2026-06-06T10:36:32.535Z [INFO]: Request: GET /login
2026-06-06T10:42:22.180Z [INFO]: Request: POST /login
2026-06-06T10:42:22.375Z [INFO]: Request: GET /dashboard
2026-06-06T10:42:41.921Z [INFO]: Request: GET /.well-known/appspecific/com.chrome.devtools.json
2026-06-06T10:43:20.422Z [INFO]: Request: GET /allocations/4
2026-06-06T10:43:20.424Z [WARN]: Unauthorized API access attempt - IP: ::1
2026-06-06T10:43:20.606Z [INFO]: Request: GET /.well-known/appspecific/com.chrome.devtools.json
2026-06-06T10:43:44.516Z [INFO]: Request: GET /allocations/1
2026-06-06T10:43:44.517Z [WARN]: Unauthorized API access attempt - IP: ::1
2026-06-06T10:43:44.656Z [INFO]: Request: GET /.well-known/appspecific/com.chrome.devtools.json
2026-06-06T10:44:16.402Z [INFO]: Request: GET /allocations/4
2026-06-06T10:44:16.403Z [WARN]: Unauthorized API access attempt - IP: ::1
2026-06-06T10:44:16.538Z [INFO]: Request: GET /.well-known/appspecific/com.chrome.devtools.json
2026-06-06T10:45:22.223Z [INFO]: Request: GET /allocations/4
2026-06-06T10:45:22.229Z [WARN]: Unauthorized API access attempt - IP: ::1
2026-06-06T10:51:37.474Z [INFO]: Request: GET /.well-known/appspecific/com.chrome.devtools.json
2026-06-06T11:13:23.758Z [INFO]: Request: GET /
2026-06-06T11:13:23.812Z [INFO]: Request: GET /login
2026-06-06T11:13:33.259Z [INFO]: Request: POST /login
2026-06-06T11:13:33.482Z [INFO]: Request: GET /dashboard
2026-06-06T11:13:39.649Z [INFO]: Request: GET /.well-known/appspecific/com.chrome.devtools.json
2026-06-06T11:13:52.271Z [INFO]: Request: GET /dashboard
2026-06-06T11:13:52.382Z [INFO]: Request: GET /.well-known/appspecific/com.chrome.devtools.json
